1. Open a terminal. What is the current directory? What command will you use to find
out?

rutvac@INF01-PC21:~$ pwd
/home/rutvac

2. Change the current directory to the system root. Get a detailed listing. Identify the
function of the directories that appear.

rutvac@INF01-PC21:/$ cd /
rutvac@INF01-PC21:/$ ls -l
total 2097272
drwxr-xr-x   2 root root       4096 de se  6  2021 bin
drwxr-xr-x   3 root root       4096 de no 15 20:20 boot
drwxr-xr-x   2 root root       4096 d’oct 24  2019 cdrom
drwxr-xr-x  20 root root       4660 de fe 16 20:16 dev
drwxr-xr-x 177 root root      12288 de fe 16 13:35 etc
drwxr-xr-x  36 root root       4096 de fe 15 09:57 home
lrwxrwxrwx   1 root root         34 de se  6  2021 initrd.img -> boot/initrd.img-4.15.0-151-generic
lrwxrwxrwx   1 root root         34 de se  6  2021 initrd.img.old -> boot/initrd.img-4.15.0-118-generic
drwxr-xr-x  23 root root       4096 de ma 10  2021 lib
drwxr-xr-x   2 root root       4096 de ma 10  2021 lib64
drwx------   2 root root      16384 d’oct 24  2019 lost+found
drwxr-xr-x  14 root root       4096 d’oct  4 19:51 media
drwxr-xr-x   2 root root       4096 de ju 25  2019 mnt
drwxr-xr-x   9 root root       4096 de ge 19 19:53 opt
dr-xr-xr-x 249 root root          0 de fe 16 12:13 proc
drwx------  10 root root       4096 de ge 19 20:46 root
drwxr-xr-x  43 root root       1400 de fe 16 18:09 run
drwxr-xr-x   2 root root      12288 de ge 19 19:53 sbin
drwxr-xr-x  20 root root       4096 de ge 19 20:34 snap
drwxr-xr-x   4 root root       4096 de ge 19 20:29 srv
-rw-------   1 root root 2147483648 d’oct 24  2019 swapfile
dr-xr-xr-x  13 root root          0 de fe 16 12:13 sys
drwxrwxrwt  19 root root      20480 de fe 16 20:16 tmp
drwxr-xr-x  12 root root       4096 de ma 10  2021 usr
drwxr-xr-x  13 root root       4096 de ju 25  2019 var
lrwxrwxrwx   1 root root         31 de se  6  2021 vmlinuz -> boot/vmlinuz-4.15.0-151-generic
lrwxrwxrwx   1 root root         31 de se  6  2021 vmlinuz.old -> boot/vmlinuz-4.15.0-118-generic

3. Go to the /bin directory and get a long listing. What's in this directory? What types of
files do you find?

Binari files, it used to storage big amounts of data.

4. /boot/vmlinuz is a symbolic link that points to the kernel image used when booting
the operating system. What is the name of this image on your machine? How many
bytes does it occupy?

La imagen no existe 
-rw------- 1 root root  8380064 de ju 23  2020 vmlinuz-4.15.0-109-generic
-rw------- 1 root root  8388256 de se  8  2020 vmlinuz-4.15.0-118-generic
-rw------- 1 root root  8453792 de ju  9  2021 vmlinuz-4.15.0-151-generic
-rw-r--r-- 1 root root  8294136 de ju 25  2019 vmlinuz-4.15.0-52-generic
-rw-r--r-- 1 root root  8294136 de ju 25  2019 vmlinuz-4.15.0-52-generic.efi.signed

5. What command will you type to automatically return to your connection directory?
What command will you type to return to the last visited directory?

cd +Enter
cd ..

6. Enter the /dev directory. What kind of files do you find inside?

Contains the special device files for all hardware devices

7. Enter the /etc directory. What does this directory contain? View the contents of the
/etc/passwd file. What do you think it contains?

Store configuration files both at the component level of the operating system itself, as well as for programs and applications installed afterwards.

8. Can you get a listing of the contents of /root? What if this function of this directory?

rutvac@INF01-PC21:~$ cd /

9. Return to your connection directory and create the 'files_tree' directory. Inside,
create directories: 'branch1', 'branch2' and 'branch3'.

rutvac@INF01-PC21:~$ mkdir files_tree
rutvac@INF01-PC21:~$ cd files_tree/
rutvac@INF01-PC21:~/files_tree$ mkdir branch1
rutvac@INF01-PC21:~/files_tree$ mkdir branch2
rutvac@INF01-PC21:~/files_tree$ mkdir branch3
    
10.Copy the /usr/share/pixmaps/debian-logo.png file to ~/files_tree/branch1

rutvac@INF01-PC21:~/files_tree/branch2$ cp /usr/share/pixmaps/debian-logo.png  ~/files_tree/branch1

11. Go to ~/files_tree/branch2 directory. Use the cp command to copy the
~/files_tree/rama1/debian-logo.png file up to here using a relative path.

rutvac@INF01-PC21:~/files_tree/branch2$ cp ~/files_tree/branch1/debian-logo.png ~/files_tree/branch2
rutvac@INF01-PC21:~/files_tree/branch2$ ls -l
total 4
-rw-r--r-- 1 rutvac rutvac 1718 de fe 17 17:22 debian-logo.png

12. Copy from here (using absolute paths), the file used in point 10 into the branch3
directory.

rutvac@INF01-PC21:~/files_tree/branch2$ cp /usr/share/pixmaps/debian-logo.png ~/files_tree/branch3

13. Rename the ~/files_tree/branch3/debian-logo.png file to letter.txt

rutvac@INF01-PC21:~/files_tree/branch3$ mv ~/files_tree/branch3/debian-logo.png ~/files_tree/branch3/letter.txt
rutvac@INF01-PC21:~/files_tree/branch3$ ls
letter.txt

14. Use the file command as follows: 'file ~/files_tree/branch1/debian-logo.png' What
happens, what output does the file command present?

rutvac@INF01-PC21:~$ file file ~/files_tree/branch1/debian-logo.png
file:                                            cannot open `file' (No such file or directory)
/home/rutvac/files_tree/branch1/debian-logo.png: PNG image data, 48 x 48, 8-bit/color RGBA, non-interlaced

15. Use the file command on the letter.txt, does the file name confuse the system?

rutvac@INF01-PC21:~/files_tree/branch3$ file letter.txt
letter.txt: PNG image data, 48 x 48, 8-bit/color RGBA, non-interlaced

16.Delete the letter.txt file

rutvac@INF01-PC21:~/files_tree/branch3$ rm letter.txt 
rutvac@INF01-PC21:~/files_tree/branch3$ ls
debian-logo.png

17. What hidden files do you find in the system root? And in your home directory?

rutvac@INF01-PC21:/$ ls -a
.     cdrom  initrd.img      lost+found  proc  snap      tmp      vmlinuz.old
..    dev    initrd.img.old  media       root  srv       usr      .xinputrc
bin   etc    lib             mnt         run   swapfile  var
boot  home   lib64           opt         sbin  sys       vmlinuz

18. What does the ~/.bashrc file contain ?

rutvac@INF01-PC21:/$ ls ~/.bashrc
/home/rutvac/.bashrc


19. How much it occupies:
a. The /etc directory ?

rutvac@INF01-PC21:/$ sudo du -sh /etc
[sudo] contrasenya per a rutvac: 
27M     /etc

b. Your personal home directory?

rutvac@INF01-PC21:/$ sudo du -sh /home
178G    /home

c. The entire file system?


20. Run the mount command and interpret its output
rutvac@INF01-PC21:/$ mount 
sysfs on /sys type sysfs (rw,nosuid,nodev,noexec,relatime)
proc on /proc type proc (rw,nosuid,nodev,noexec,relatime)
udev on /dev type devtmpfs (rw,nosuid,relatime,size=1973644k,nr_inodes=493411,mode=755,inode64)
devpts on /dev/pts type devpts (rw,nosuid,noexec,relatime,gid=5,mode=620,ptmxmode=000)
tmpfs on /run type tmpfs (rw,nosuid,nodev,noexec,relatime,size=401800k,mode=755,inode64)
/dev/sda3 on / type ext4 (rw,relatime,errors=remount-ro)
securityfs on /sys/kernel/security type securityfs (rw,nosuid,nodev,noexec,relatime)
tmpfs on /dev/shm type tmpfs (rw,nosuid,nodev,inode64)
tmpfs on /run/lock type tmpfs (rw,nosuid,nodev,noexec,relatime,size=5120k,inode64)
cgroup2 on /sys/fs/cgroup type cgroup2 (rw,nosuid,nodev,noexec,relatime,nsdelegate,memory_recursiveprot)
pstore on /sys/fs/pstore type pstore (rw,nosuid,nodev,noexec,relatime)
bpf on /sys/fs/bpf type bpf (rw,nosuid,nodev,noexec,relatime,mode=700)
systemd-1 on /proc/sys/fs/binfmt_misc type autofs (rw,relatime,fd=29,pgrp=1,timeout=0,minproto=5,maxproto=5,direct,pipe_ino=14055)
hugetlbfs on /dev/hugepages type hugetlbfs (rw,relatime,pagesize=2M)
mqueue on /dev/mqueue type mqueue (rw,nosuid,nodev,noexec,relatime)
debugfs on /sys/kernel/debug type debugfs (rw,nosuid,nodev,noexec,relatime)
tracefs on /sys/kernel/tracing type tracefs (rw,nosuid,nodev,noexec,relatime)
fusectl on /sys/fs/fuse/connections type fusectl (rw,nosuid,nodev,noexec,relatime)
none on /run/credentials/systemd-sysusers.service type ramfs (ro,nosuid,nodev,noexec,relatime,mode=700)
configfs on /sys/kernel/config type configfs (rw,nosuid,nodev,noexec,relatime)
/var/lib/snapd/snaps/bare_5.snap on /snap/bare/5 type squashfs (ro,nodev,relatime,errors=continue,x-gdu.hide)
/var/lib/snapd/snaps/code_113.snap on /snap/code/113 type squashfs (ro,nodev,relatime,errors=continue,x-gdu.hide)
/var/lib/snapd/snaps/firefox_2088.snap on /snap/firefox/2088 type squashfs (ro,nodev,relatime,errors=continue,x-gdu.hide)
/var/lib/snapd/snaps/core_14399.snap on /snap/core/14399 type squashfs (ro,nodev,relatime,errors=continue,x-gdu.hide)
/var/lib/snapd/snaps/core20_1738.snap on /snap/core20/1738 type squashfs (ro,nodev,relatime,errors=continue,x-gdu.hide)
/var/lib/snapd/snaps/firefox_2154.snap on /snap/firefox/2154 type squashfs (ro,nodev,relatime,errors=continue,x-gdu.hide)
/var/lib/snapd/snaps/gnome-3-38-2004_119.snap on /snap/gnome-3-38-2004/119 type squashfs (ro,nodev,relatime,errors=continue,x-gdu.hide)
/var/lib/snapd/snaps/gtk-common-themes_1535.snap on /snap/gtk-common-themes/1535 type squashfs (ro,nodev,relatime,errors=continue,x-gdu.hide)
/var/lib/snapd/snaps/gnome-3-38-2004_112.snap on /snap/gnome-3-38-2004/112 type squashfs (ro,nodev,relatime,errors=continue,x-gdu.hide)
/var/lib/snapd/snaps/snap-store_599.snap on /snap/snap-store/599 type squashfs (ro,nodev,relatime,errors=continue,x-gdu.hide)
/var/lib/snapd/snaps/netbeans_69.snap on /snap/netbeans/69 type squashfs (ro,nodev,relatime,errors=continue,x-gdu.hide)
/var/lib/snapd/snaps/snapd_17883.snap on /snap/snapd/17883 type squashfs (ro,nodev,relatime,errors=continue,x-gdu.hide)
/var/lib/snapd/snaps/snapd-desktop-integration_43.snap on /snap/snapd-desktop-integration/43 type squashfs (ro,nodev,relatime,errors=continue,x-gdu.hide)
/dev/sda3 on /var/snap/firefox/common/host-hunspell type ext4 (ro,noexec,noatime,errors=remount-ro)
/dev/sda2 on /boot/efi type vfat (rw,relatime,fmask=0077,dmask=0077,codepage=437,iocharset=iso8859-1,shortname=mixed,errors=remount-ro)
binfmt_misc on /proc/sys/fs/binfmt_misc type binfmt_misc (rw,nosuid,nodev,noexec,relatime)
tmpfs on /run/user/1000 type tmpfs (rw,nosuid,nodev,relatime,size=401796k,nr_inodes=100449,mode=700,uid=1000,gid=1000,inode64)
gvfsd-fuse on /run/user/1000/gvfs type fuse.gvfsd-fuse (rw,nosuid,nodev,relatime,user_id=1000,group_id=1000)
portal on /run/user/1000/doc type fuse.portal (rw,nosuid,nodev,relatime,user_id=1000,group_id=1000)
tmpfs on /run/snapd/ns type tmpfs (rw,nosuid,nodev,noexec,relatime,size=401800k,mode=755,inode64)
nsfs on /run/snapd/ns/snap-store.mnt type nsfs (rw)
/var/lib/snapd/snaps/core20_1778.snap on /snap/core20/1778 type squashfs (ro,nodev,relatime,errors=continue,x-gdu.hide)
/var/lib/snapd/snaps/snapd-desktop-integration_49.snap on /snap/snapd-desktop-integration/49 type squashfs (ro,nodev,relatime,errors=continue,x-gdu.hide)
/var/lib/snapd/snaps/snap-store_638.snap on /snap/snap-store/638 type squashfs (ro,nodev,relatime,errors=continue,x-gdu.hide)
/var/lib/snapd/snaps/code_116.snap on /snap/code/116 type squashfs (ro,nodev,relatime,errors=continue,x-gdu.hide)
nsfs on /run/snapd/ns/snapd-desktop-integration.mnt type nsfs (rw)
/var/lib/snapd/snaps/netbeans_74.snap on /snap/netbeans/74 type squashfs (ro,nodev,relatime,errors=continue,x-gdu.hide)
nsfs on /run/snapd/ns/firefox.mnt type nsfs (rw)

Running mount without arguments will output a list of filesystems mounted according to the table of mounted filesystems in /etc/mtab

21. Run the df -h command and interpret its output
rutvac@INF01-PC21:/$ df -h
S.ficheros     Tamaño Usados  Disp Uso% Montado en
tmpfs            393M   1,6M  391M   1% /run
/dev/sda3         49G    19G   28G  41% /
tmpfs            2,0G      0  2,0G   0% /dev/shm
tmpfs            5,0M   4,0K  5,0M   1% /run/lock
/dev/sda2        512M   5,3M  507M   2% /boot/efi
tmpfs            393M   4,7M  388M   2% /run/user/1000

22. If you want to copy a directory with all its contents you must performe a recursive copy. Refer to the cp manual page to see which option will be used.
 
23. If you want to delete a directory with all its contents. Recursive deletion must be performed. See the rm manual page to see which option will be used

